SQL> show spool
spool ON
SQL> CREATE TABLE DEPART (
  2   DEPT_NO  NUMBER(2) primary key,
  3   DNOMBRE  VARCHAR2(14),
  4   LOC      VARCHAR2(14) ) ;
SP2-0640: No conectado
SQL> 
SQL> INSERT INTO DEPART VALUES (10,'CONTABILIDAD','SEVILLA');
SP2-0640: No conectado
SQL> INSERT INTO DEPART VALUES (20,'INVESTIGACI?N','MADRID');
SP2-0640: No conectado
SQL> INSERT INTO DEPART VALUES (30,'VENTAS','BARCELONA');
SP2-0640: No conectado
SQL> INSERT INTO DEPART VALUES (40,'PRODUCCI?N','BILBAO');
SP2-0640: No conectado
SQL> 
SQL> INSERT INTO DEPART VALUES (50,'otros',null)
  2  
SQL> rem************incluir mas regristros con distintos casos, minusculas, nulos....
SQL> 
SQL> INSERT INTO DEPART VALUES (10,'Contabilidad','SEVILLA');
SP2-0640: No conectado
SQL> INSERT INTO DEPART VALUES (20,NULL,'MADRID');
SP2-0640: No conectado
SQL> INSERT INTO DEPART VALUES (30,'VENTAS',NULL);
SP2-0640: No conectado
SQL> INSERT INTO DEPART VALUES (40,'PRODUCCI?N','bilbao');
SP2-0640: No conectado
SQL> 
SQL> CREATE TABLE EMPLE (
  2   EMP_NO    NUMBER(4) primary key,
  3   APELLIDO  VARCHAR2(10)  ,
  4   OFICIO    VARCHAR2(10)  ,
  5   DIR       NUMBER(4) ,
  6   FECHA_ALT DATE      ,
  7   SALARIO   NUMBER(10),
  8   COMISION  NUMBER(10),
  9   DEPT_NO  NUMBER(2),
 10   foreign key (DEPT_NO) references depart;
SP2-0640: No conectado
SQL> 
SQL> INSERT INTO EMPLE VALUES (7369,'S?NCHEZ','EMPLEADO',7902,'17/12/1980',104000,NULL,20);
SP2-0640: No conectado
SQL> INSERT INTO EMPLE VALUES (7499,'ARROYO','VENDEDOR',7698,'20/02/1980',208000,39000,30);
SP2-0640: No conectado
SQL> INSERT INTO EMPLE VALUES (7521,'SALA','VENDEDOR',7698,'22/02/1981',162500,65000,30);
SP2-0640: No conectado
SQL> INSERT INTO EMPLE VALUES (7566,'JIM?NEZ','DIRECTOR',7839,'02/04/1981',386750,NULL,20);
SP2-0640: No conectado
SQL> INSERT INTO EMPLE VALUES (7654,'MART?N','VENDEDOR',7698,'29/09/1981',162500,182000,30);
SP2-0640: No conectado
SQL> INSERT INTO EMPLE VALUES (7698,'NEGRO','DIRECTOR',7839,'01/05/1981',370500,NULL,30);
SP2-0640: No conectado
SQL> INSERT INTO EMPLE VALUES (7782,'CEREZO','DIRECTOR',7839,'09/06/1981',318500,NULL,10);
SP2-0640: No conectado
SQL> INSERT INTO EMPLE VALUES (7788,'GIL','ANALISTA',7566,'09/11/1981',390000,NULL,20);
SP2-0640: No conectado
SQL> INSERT INTO EMPLE VALUES (7839,'REY','PRESIDENTE',NULL,'17/11/1981',50000,NULL,10);
SP2-0640: No conectado
SQL> INSERT INTO EMPLE VALUES (7844,'TOVAR','VENDEDOR',7698,'08/09/1981',195000,0,30);
SP2-0640: No conectado
SQL> INSERT INTO EMPLE VALUES (7876,'ALONSO','EMPLEADO',7788,'23/09/1981',143000,NULL,20);
SP2-0640: No conectado
SQL> INSERT INTO EMPLE VALUES (7900,'JIMENO','EMPLEADO',7698,'03/12/1981',123500,NULL,30);
SP2-0640: No conectado
SQL> INSERT INTO EMPLE VALUES (7902,'FERN?NDEZ','ANALISTA',7566,'03/12/1981',390000,NULL,20);
SP2-0640: No conectado
SQL> INSERT INTO EMPLE VALUES (7934,'MU?OZ','EMPLEADO',7782,'23/01/1982',169000,NULL,10);
SP2-0640: No conectado
SQL> connect
Introduzca el nombre de usuario: system
Conectado.
SQL> CREATE TABLE DEPART (
  2   DEPT_NO  NUMBER(2) primary key,
  3   DNOMBRE  VARCHAR2(14),
  4   LOC      VARCHAR2(14) ) ;

Tabla creada.

SQL> 
SQL> INSERT INTO DEPART VALUES (10,'CONTABILIDAD','SEVILLA');

1 fila creada.

SQL> INSERT INTO DEPART VALUES (20,'INVESTIGACI?N','MADRID');

1 fila creada.

SQL> INSERT INTO DEPART VALUES (30,'VENTAS','BARCELONA');

1 fila creada.

SQL> INSERT INTO DEPART VALUES (40,'PRODUCCI?N','BILBAO');

1 fila creada.

SQL> 
SQL> INSERT INTO DEPART VALUES (50,'otros',null)
  2  
SQL> rem************incluir mas regristros con distintos casos, minusculas, nulos....
SQL> 
SQL> INSERT INTO DEPART VALUES (10,'Contabilidad','SEVILLA');
INSERT INTO DEPART VALUES (10,'Contabilidad','SEVILLA')
*
ERROR en línea 1:
ORA-00001: restricción única (SYSTEM.SYS_C003994) violada 


SQL> INSERT INTO DEPART VALUES (20,NULL,'MADRID');
INSERT INTO DEPART VALUES (20,NULL,'MADRID')
*
ERROR en línea 1:
ORA-00001: restricción única (SYSTEM.SYS_C003994) violada 


SQL> INSERT INTO DEPART VALUES (30,'VENTAS',NULL);
INSERT INTO DEPART VALUES (30,'VENTAS',NULL)
*
ERROR en línea 1:
ORA-00001: restricción única (SYSTEM.SYS_C003994) violada 


SQL> INSERT INTO DEPART VALUES (40,'PRODUCCI?N','bilbao');
INSERT INTO DEPART VALUES (40,'PRODUCCI?N','bilbao')
*
ERROR en línea 1:
ORA-00001: restricción única (SYSTEM.SYS_C003994) violada 


SQL> 
SQL> CREATE TABLE EMPLE (
  2   EMP_NO    NUMBER(4) primary key,
  3   APELLIDO  VARCHAR2(10)  ,
  4   OFICIO    VARCHAR2(10)  ,
  5   DIR       NUMBER(4) ,
  6   FECHA_ALT DATE      ,
  7   SALARIO   NUMBER(10),
  8   COMISION  NUMBER(10),
  9   DEPT_NO  NUMBER(2),
 10   foreign key (DEPT_NO) references depart;
 foreign key (DEPT_NO) references depart
                                       *
ERROR en línea 10:
ORA-00907: falta el paréntesis derecho 


SQL> 
SQL> INSERT INTO EMPLE VALUES (7369,'S?NCHEZ','EMPLEADO',7902,'17/12/1980',104000,NULL,20);
INSERT INTO EMPLE VALUES (7369,'S?NCHEZ','EMPLEADO',7902,'17/12/1980',104000,NULL,20)
            *
ERROR en línea 1:
ORA-00942: la tabla o vista no existe 


SQL> INSERT INTO EMPLE VALUES (7499,'ARROYO','VENDEDOR',7698,'20/02/1980',208000,39000,30);
INSERT INTO EMPLE VALUES (7499,'ARROYO','VENDEDOR',7698,'20/02/1980',208000,39000,30)
            *
ERROR en línea 1:
ORA-00942: la tabla o vista no existe 


SQL> INSERT INTO EMPLE VALUES (7521,'SALA','VENDEDOR',7698,'22/02/1981',162500,65000,30);
INSERT INTO EMPLE VALUES (7521,'SALA','VENDEDOR',7698,'22/02/1981',162500,65000,30)
            *
ERROR en línea 1:
ORA-00942: la tabla o vista no existe 


SQL> INSERT INTO EMPLE VALUES (7566,'JIM?NEZ','DIRECTOR',7839,'02/04/1981',386750,NULL,20);
INSERT INTO EMPLE VALUES (7566,'JIM?NEZ','DIRECTOR',7839,'02/04/1981',386750,NULL,20)
            *
ERROR en línea 1:
ORA-00942: la tabla o vista no existe 


SQL> INSERT INTO EMPLE VALUES (7654,'MART?N','VENDEDOR',7698,'29/09/1981',162500,182000,30);
INSERT INTO EMPLE VALUES (7654,'MART?N','VENDEDOR',7698,'29/09/1981',162500,182000,30)
            *
ERROR en línea 1:
ORA-00942: la tabla o vista no existe 


SQL> INSERT INTO EMPLE VALUES (7698,'NEGRO','DIRECTOR',7839,'01/05/1981',370500,NULL,30);
INSERT INTO EMPLE VALUES (7698,'NEGRO','DIRECTOR',7839,'01/05/1981',370500,NULL,30)
            *
ERROR en línea 1:
ORA-00942: la tabla o vista no existe 


SQL> INSERT INTO EMPLE VALUES (7782,'CEREZO','DIRECTOR',7839,'09/06/1981',318500,NULL,10);
INSERT INTO EMPLE VALUES (7782,'CEREZO','DIRECTOR',7839,'09/06/1981',318500,NULL,10)
            *
ERROR en línea 1:
ORA-00942: la tabla o vista no existe 


SQL> INSERT INTO EMPLE VALUES (7788,'GIL','ANALISTA',7566,'09/11/1981',390000,NULL,20);
INSERT INTO EMPLE VALUES (7788,'GIL','ANALISTA',7566,'09/11/1981',390000,NULL,20)
            *
ERROR en línea 1:
ORA-00942: la tabla o vista no existe 


SQL> INSERT INTO EMPLE VALUES (7839,'REY','PRESIDENTE',NULL,'17/11/1981',50000,NULL,10);
INSERT INTO EMPLE VALUES (7839,'REY','PRESIDENTE',NULL,'17/11/1981',50000,NULL,10)
            *
ERROR en línea 1:
ORA-00942: la tabla o vista no existe 


SQL> INSERT INTO EMPLE VALUES (7844,'TOVAR','VENDEDOR',7698,'08/09/1981',195000,0,30);
INSERT INTO EMPLE VALUES (7844,'TOVAR','VENDEDOR',7698,'08/09/1981',195000,0,30)
            *
ERROR en línea 1:
ORA-00942: la tabla o vista no existe 


SQL> INSERT INTO EMPLE VALUES (7876,'ALONSO','EMPLEADO',7788,'23/09/1981',143000,NULL,20);
INSERT INTO EMPLE VALUES (7876,'ALONSO','EMPLEADO',7788,'23/09/1981',143000,NULL,20)
            *
ERROR en línea 1:
ORA-00942: la tabla o vista no existe 


SQL> INSERT INTO EMPLE VALUES (7900,'JIMENO','EMPLEADO',7698,'03/12/1981',123500,NULL,30);
INSERT INTO EMPLE VALUES (7900,'JIMENO','EMPLEADO',7698,'03/12/1981',123500,NULL,30)
            *
ERROR en línea 1:
ORA-00942: la tabla o vista no existe 


SQL> INSERT INTO EMPLE VALUES (7902,'FERN?NDEZ','ANALISTA',7566,'03/12/1981',390000,NULL,20);
INSERT INTO EMPLE VALUES (7902,'FERN?NDEZ','ANALISTA',7566,'03/12/1981',390000,NULL,20)
            *
ERROR en línea 1:
ORA-00942: la tabla o vista no existe 


SQL> INSERT INTO EMPLE VALUES (7934,'MU?OZ','EMPLEADO',7782,'23/01/1982',169000,NULL,10);
INSERT INTO EMPLE VALUES (7934,'MU?OZ','EMPLEADO',7782,'23/01/1982',169000,NULL,10)
            *
ERROR en línea 1:
ORA-00942: la tabla o vista no existe 


SQL> CREATE TABLE DEPART (
  2   DEPT_NO  NUMBER(2) primary key,
  3   DNOMBRE  VARCHAR2(14),
  4   LOC      VARCHAR2(14) ) ;
CREATE TABLE DEPART (
             *
ERROR en línea 1:
ORA-00955: este nombre ya lo está utilizando otro objeto existente 


SQL> 
SQL> INSERT INTO DEPART VALUES (10,'CONTABILIDAD','SEVILLA');
INSERT INTO DEPART VALUES (10,'CONTABILIDAD','SEVILLA')
*
ERROR en línea 1:
ORA-00001: restricción única (SYSTEM.SYS_C003994) violada 


SQL> INSERT INTO DEPART VALUES (20,'INVESTIGACI?N','MADRID');
INSERT INTO DEPART VALUES (20,'INVESTIGACI?N','MADRID')
*
ERROR en línea 1:
ORA-00001: restricción única (SYSTEM.SYS_C003994) violada 


SQL> INSERT INTO DEPART VALUES (30,'VENTAS','BARCELONA');
INSERT INTO DEPART VALUES (30,'VENTAS','BARCELONA')
*
ERROR en línea 1:
ORA-00001: restricción única (SYSTEM.SYS_C003994) violada 


SQL> INSERT INTO DEPART VALUES (40,'PRODUCCI?N','BILBAO');
INSERT INTO DEPART VALUES (40,'PRODUCCI?N','BILBAO')
*
ERROR en línea 1:
ORA-00001: restricción única (SYSTEM.SYS_C003994) violada 


SQL> 
SQL> INSERT INTO DEPART VALUES (50,'otros',null);

1 fila creada.

SQL> CREATE TABLE DEPART (
  2   DEPT_NO  NUMBER(2) primary key,
  3   DNOMBRE  VARCHAR2(14),
  4   LOC      VARCHAR2(14) ) ;
CREATE TABLE DEPART (
             *
ERROR en línea 1:
ORA-00955: este nombre ya lo está utilizando otro objeto existente 


SQL> exit
